[2026-05-13 18:04:59] [INFO] Запуск парсера HH.ru (PHP 8.5.5)
[2026-05-13 18:04:59] [INFO] Начало парсинга: '"бухгалтер"'
[2026-05-13 18:04:59] [INFO] Токен успешно получен
[2026-05-13 18:04:59] [INFO] HTTP ответ: 200
[2026-05-13 18:04:59] [INFO] Получено вакансий: 25
[2026-05-13 18:05:30] [INFO] Обработано вакансий: 25
[2026-05-13 18:05:30] [INFO] Результаты сохранены: hh__бухгалтер__20260513_180530.json
[2026-05-13 18:05:30] [INFO] Парсер успешно завершил работу
[2026-05-13 18:16:13] [INFO] Запуск парсера HH.ru (PHP 8.5.5)
[2026-05-13 18:16:13] [INFO] Начало парсинга: '"бухгалтер"'
[2026-05-13 18:16:13] [INFO] Токен успешно получен
[2026-05-13 18:16:13] [INFO] HTTP ответ: 200
[2026-05-13 18:16:13] [INFO] Получено вакансий: 25
[2026-05-13 18:16:44] [INFO] Обработано вакансий: 25
[2026-05-13 18:16:44] [INFO] Результаты сохранены: hh__бухгалтер__20260513_181644.json
[2026-05-13 18:16:44] [INFO] Парсер успешно завершил работу
[2026-05-13 21:26:11] [INFO] Запуск парсера HH.ru (PHP 8.5.5)
[2026-05-13 21:26:11] [INFO] Начало парсинга: 'бухгалтер'
[2026-05-13 21:26:11] [INFO] Токен успешно получен
[2026-05-13 21:26:12] [INFO] HTTP ответ: 200
[2026-05-13 21:26:12] [INFO] Получено вакансий: 25
[2026-05-13 21:26:42] [INFO] Обработано вакансий: 25
[2026-05-13 21:26:42] [INFO] Результаты сохранены: hh_бухгалтер_20260513_212642.json
[2026-05-13 21:26:42] [INFO] Парсер успешно завершил работу
[2026-05-14 13:54:42] [INFO] Запуск парсера HH.ru (PHP 8.5.5)
[2026-05-14 13:54:42] [INFO] Начало парсинга: 'бухгалтер'
[2026-05-14 13:54:42] [INFO] Токен успешно получен
[2026-05-14 13:54:42] [INFO] HTTP ответ: 200
[2026-05-14 13:54:42] [INFO] Получено вакансий: 25
[2026-05-14 13:55:17] [INFO] Обработано вакансий: 24
[2026-05-14 13:55:17] [INFO] Результаты сохранены: hh_бухгалтер_20260514_135517.json
[2026-05-14 13:55:17] [INFO] Парсер успешно завершил работу
[2026-05-14 14:17:58] [INFO] Запуск парсера HH.ru (PHP 8.5.5)
[2026-05-14 14:17:58] [INFO] Начало парсинга: 'бухгалтер'
[2026-05-14 14:17:58] [INFO] Токен успешно получен
[2026-05-14 14:17:59] [INFO] HTTP ответ: 200
[2026-05-14 14:17:59] [INFO] Получено вакансий: 25
[2026-05-14 14:18:31] [INFO] Обработано вакансий: 24
[2026-05-14 14:18:31] [INFO] Результаты сохранены: hh_бухгалтер_20260514_141831.json
[2026-05-14 14:18:31] [INFO] Парсер успешно завершил работу
[2026-05-14 16:58:15] [INFO] Запуск парсера HH.ru (PHP 8.5.5)
[2026-05-14 16:58:15] [INFO] Начало парсинга: 'бухгалтер'
[2026-05-14 16:58:15] [INFO] Токен успешно получен
[2026-05-14 16:58:15] [INFO] HTTP ответ: 200
[2026-05-14 16:58:15] [INFO] Получено вакансий: 25
[2026-05-14 16:58:46] [INFO] Обработано вакансий: 24
[2026-05-14 16:58:46] [INFO] Результаты сохранены: hh_бухгалтер_20260514_165846.json
[2026-05-14 16:58:46] [INFO] Парсер успешно завершил работу
[2026-05-14 17:38:29] [INFO] Запуск парсера HH.ru (PHP 8.5.5)
[2026-05-14 17:38:29] [INFO] Начало парсинга: 'бухгалтер'
[2026-05-14 17:38:29] [INFO] Токен успешно получен
[2026-05-14 17:38:30] [INFO] HTTP ответ: 200
[2026-05-14 17:38:30] [INFO] Получено вакансий: 25
[2026-05-14 17:38:59] [INFO] Обработано вакансий: 24
[2026-05-14 17:38:59] [INFO] Результаты сохранены: hh_бухгалтер_20260514_173859.json
[2026-05-14 17:38:59] [INFO] Парсер успешно завершил работу
[2026-05-14 17:45:18] [INFO] Запуск парсера HH.ru (PHP 8.5.5)
[2026-05-14 17:45:18] [INFO] Начало парсинга: ',e[ufknth'
[2026-05-14 17:45:18] [INFO] Токен успешно получен
[2026-05-14 17:45:18] [INFO] HTTP ответ: 200
[2026-05-14 17:45:18] [INFO] Получено вакансий: 25
[2026-05-14 17:45:49] [INFO] Обработано вакансий: 24
[2026-05-14 17:45:49] [INFO] Результаты сохранены: hh__e_ufknth_20260514_174549.json
[2026-05-14 17:45:49] [INFO] Парсер успешно завершил работу
[2026-05-14 17:51:10] [INFO] Запуск парсера HH.ru (PHP 8.5.5)
[2026-05-14 17:51:10] [INFO] Начало парсинга: 'бухгалтер'
[2026-05-14 17:51:11] [INFO] Токен успешно получен
[2026-05-14 17:51:11] [INFO] HTTP ответ: 200
[2026-05-14 17:51:11] [INFO] Получено вакансий: 25
[2026-05-14 17:51:41] [INFO] Обработано вакансий: 24
[2026-05-14 17:51:41] [INFO] Результаты сохранены: hh_бухгалтер_20260514_175141.json
[2026-05-14 17:51:41] [INFO] Парсер успешно завершил работу
[2026-05-14 18:03:56] [INFO] Запуск парсера HH.ru (PHP 8.5.5)
[2026-05-14 18:03:56] [INFO] Начало парсинга: 'бухгалтер'
[2026-05-14 18:03:56] [INFO] Токен успешно получен
[2026-05-14 18:03:56] [INFO] HTTP ответ: 200
[2026-05-14 18:03:56] [INFO] Получено вакансий: 25
[2026-05-14 18:04:27] [INFO] Обработано вакансий: 24
[2026-05-14 18:04:27] [INFO] Результаты сохранены: hh_бухгалтер_20260514_180427.json
[2026-05-14 18:04:27] [INFO] Парсер успешно завершил работу
[2026-05-14 18:56:15] [INFO] Запуск парсера HH.ru (PHP 8.5.5)
[2026-05-14 18:56:15] [INFO] Начало парсинга: 'бухгалтер'
[2026-05-14 18:56:15] [INFO] Токен успешно получен
[2026-05-14 18:56:15] [INFO] HTTP ответ: 200
[2026-05-14 18:56:15] [INFO] Получено вакансий: 25
[2026-05-14 18:56:49] [INFO] Обработано вакансий: 24
[2026-05-14 18:56:49] [INFO] Результаты сохранены: hh_бухгалтер_20260514_185649.json
[2026-05-14 18:56:49] [INFO] Парсер успешно завершил работу
[2026-05-14 19:16:00] [INFO] Запуск парсера HH.ru (PHP 8.5.5)
[2026-05-14 19:16:00] [INFO] Начало парсинга: 'бухгалтер'
[2026-05-14 19:16:00] [INFO] Токен успешно получен
[2026-05-14 19:16:01] [INFO] HTTP ответ: 200
[2026-05-14 19:16:01] [INFO] Получено вакансий: 25
[2026-05-14 19:16:31] [INFO] Обработано вакансий: 24
[2026-05-14 19:16:31] [INFO] Результаты сохранены: hh_бухгалтер_20260514_191631.json
[2026-05-14 19:16:31] [INFO] Парсер успешно завершил работу
[2026-05-14 19:47:40] [INFO] Запуск парсера HH.ru (PHP 8.5.5)
[2026-05-14 19:47:40] [INFO] Начало парсинга: 'бухгалтер'
[2026-05-14 19:47:40] [INFO] Токен успешно получен
[2026-05-14 19:47:40] [INFO] HTTP ответ: 200
[2026-05-14 19:47:40] [INFO] Получено вакансий: 25
[2026-05-14 19:48:11] [INFO] Обработано вакансий: 24
[2026-05-14 19:48:11] [INFO] Результаты сохранены: hh_бухгалтер_20260514_194811.json
[2026-05-14 19:48:11] [INFO] Парсер успешно завершил работу
[2026-05-14 20:02:08] [INFO] Запуск парсера HH.ru (PHP 8.5.5)
[2026-05-14 20:02:08] [INFO] Начало парсинга: 'бухгалтер'
[2026-05-14 20:02:09] [INFO] Токен успешно получен
[2026-05-14 20:02:09] [INFO] HTTP ответ: 200
[2026-05-14 20:02:09] [INFO] Получено вакансий: 25
[2026-05-14 20:02:39] [INFO] Обработано вакансий: 24
[2026-05-14 20:02:39] [INFO] Результаты сохранены: hh_бухгалтер_20260514_200239.json
[2026-05-14 20:02:39] [INFO] Парсер успешно завершил работу
[2026-05-14 21:43:25] [INFO] Запуск парсера HH.ru (PHP 8.5.5)
[2026-05-14 21:43:30] [INFO] Начало парсинга: 'бухгалтер'
[2026-05-14 21:43:30] [INFO] Токен успешно получен
[2026-05-14 21:43:30] [INFO] HTTP ответ: 200
[2026-05-14 21:43:30] [INFO] Получено вакансий: 25
[2026-05-14 21:44:00] [INFO] Обработано вакансий: 24
[2026-05-14 21:44:00] [INFO] Результаты сохранены: hh_бухгалтер_20260514_214400.json
[2026-05-14 21:44:00] [INFO] Парсер успешно завершил работу
[2026-05-14 21:45:32] [INFO] Запуск парсера HH.ru (PHP 8.5.5)
[2026-05-14 21:45:46] [INFO] Начало парсинга: 'бухгалтер'
[2026-05-14 21:45:46] [ERROR] Ошибка получения токена: 403
[2026-05-14 21:45:46] [ERROR] Не удалось получить токен
[2026-05-14 21:45:46] [INFO] Парсер успешно завершил работу
[2026-05-14 21:47:18] [INFO] Запуск парсера HH.ru (PHP 8.5.5)
[2026-05-14 21:49:44] [INFO] Начало парсинга: 'бухгалтер'
[2026-05-14 21:49:44] [INFO] Токен успешно получен
[2026-05-14 21:49:45] [INFO] HTTP ответ: 200
[2026-05-14 21:49:45] [INFO] Получено вакансий: 25
[2026-05-14 21:50:14] [INFO] Обработано вакансий: 24
[2026-05-14 21:50:14] [INFO] Результаты сохранены: hh_бухгалтер_20260514_215014.json
[2026-05-14 21:50:14] [INFO] Парсер успешно завершил работу
[2026-05-14 21:57:15] [INFO] Запуск парсера HH.ru (PHP 8.5.5)
[2026-05-14 21:57:15] [INFO] Начало парсинга: 'бухгалтер'
[2026-05-14 21:57:15] [INFO] Токен успешно получен
[2026-05-14 21:57:15] [INFO] HTTP ответ: 200
[2026-05-14 21:57:15] [INFO] Получено вакансий: 25
[2026-05-14 21:57:44] [INFO] Обработано вакансий: 24
[2026-05-14 21:57:44] [INFO] Результаты сохранены: hh_бухгалтер_20260514_215744.json
[2026-05-14 21:57:44] [INFO] Парсер успешно завершил работу
[2026-05-14 22:08:49] [INFO] Запуск парсера HH.ru (PHP 8.5.5)
[2026-05-14 22:08:54] [INFO] Начало парсинга: 'бухгалтер'
[2026-05-14 22:08:54] [INFO] Токен успешно получен
[2026-05-14 22:08:55] [INFO] HTTP ответ: 200
[2026-05-14 22:08:55] [INFO] Получено вакансий: 25
[2026-05-14 22:09:24] [INFO] Обработано вакансий: 24
[2026-05-14 22:09:24] [INFO] Результаты сохранены: hh_бухгалтер_20260514_220924.json
[2026-05-14 22:09:24] [INFO] Парсер успешно завершил работу
[2026-05-14 22:10:25] [INFO] Запуск парсера HH.ru (PHP 8.5.5)
[2026-05-14 22:10:25] [INFO] Начало парсинга: 'бухгалтер'
[2026-05-14 22:10:25] [ERROR] Ошибка получения токена: 403
[2026-05-14 22:10:25] [ERROR] Не удалось получить токен
[2026-05-14 22:10:25] [INFO] Парсер успешно завершил работу
[2026-05-14 22:14:34] [INFO] Запуск парсера HH.ru (PHP 8.5.5)
[2026-05-14 22:14:34] [INFO] Начало парсинга: 'бухгалтер'
[2026-05-14 22:14:34] [INFO] Токен успешно получен
[2026-05-14 22:14:34] [INFO] HTTP ответ: 200
[2026-05-14 22:14:34] [INFO] Получено вакансий: 25
[2026-05-14 22:15:04] [INFO] Обработано вакансий: 24
[2026-05-14 22:15:04] [INFO] Результаты сохранены: hh_бухгалтер_20260514_221504.json
[2026-05-14 22:15:04] [INFO] Парсер успешно завершил работу
[2026-05-14 22:20:02] [INFO] Запуск парсера HH.ru (PHP 8.5.5)
[2026-05-14 22:20:02] [INFO] Начало парсинга: 'бухгалтер'
[2026-05-14 22:20:02] [INFO] Токен успешно получен
[2026-05-14 22:20:02] [INFO] HTTP ответ: 200
[2026-05-14 22:20:02] [INFO] Получено вакансий: 25
[2026-05-14 22:20:32] [INFO] Обработано вакансий: 24
[2026-05-14 22:20:32] [INFO] Результаты сохранены: hh_бухгалтер_20260514_222032.json
[2026-05-14 22:20:32] [INFO] Парсер успешно завершил работу
[2026-05-14 22:29:30] [INFO] Запуск парсера HH.ru (PHP 8.5.5)
[2026-05-14 22:29:30] [INFO] Начало парсинга: 'бухгалтер'
[2026-05-14 22:29:30] [INFO] Токен успешно получен
[2026-05-14 22:29:30] [INFO] HTTP ответ: 200
[2026-05-14 22:29:30] [INFO] Получено вакансий: 25
[2026-05-14 22:30:00] [INFO] Обработано вакансий: 24
[2026-05-14 22:30:00] [INFO] Результаты сохранены: hh_бухгалтер_20260514_223000.json
[2026-05-14 22:30:00] [INFO] Парсер успешно завершил работу
[2026-05-15 17:01:44] [INFO] Запуск парсера HH.ru (PHP 8.5.5)
[2026-05-15 17:01:44] [INFO] Начало парсинга: 'бухгалтер'
[2026-05-15 17:01:45] [INFO] Токен успешно получен
[2026-05-15 17:01:45] [INFO] HTTP ответ: 200
[2026-05-15 17:01:45] [INFO] Получено вакансий: 25
[2026-05-15 17:02:16] [INFO] Обработано вакансий: 25
[2026-05-15 17:02:16] [INFO] Результаты сохранены: hh_бухгалтер_20260515_170216.json
[2026-05-15 17:02:16] [INFO] Парсер успешно завершил работу
[2026-05-15 17:04:07] [INFO] Запуск парсера HH.ru (PHP 8.5.5)
[2026-05-15 17:04:07] [INFO] Начало парсинга: 'бухгалтер'
[2026-05-15 17:04:07] [ERROR] Ошибка получения токена: 403
[2026-05-15 17:04:07] [ERROR] Не удалось получить токен
[2026-05-15 17:04:07] [INFO] Парсер успешно завершил работу
[2026-05-15 17:05:24] [INFO] Запуск парсера HH.ru (PHP 8.5.5)
[2026-05-15 17:05:24] [INFO] Начало парсинга: 'бухгалтер'
[2026-05-15 17:05:24] [ERROR] Ошибка получения токена: 403
[2026-05-15 17:05:24] [ERROR] Не удалось получить токен
[2026-05-15 17:05:24] [INFO] Парсер успешно завершил работу
[2026-05-15 17:16:20] [INFO] Запуск парсера HH.ru (PHP 8.5.5)
[2026-05-15 17:16:20] [INFO] Начало парсинга: 'бухгалтер'
[2026-05-15 17:16:21] [INFO] Токен успешно получен
[2026-05-15 17:16:21] [INFO] HTTP ответ: 200
[2026-05-15 17:16:21] [INFO] Получено вакансий: 25
[2026-05-15 17:16:51] [INFO] Обработано вакансий: 25
[2026-05-15 17:16:51] [INFO] Результаты сохранены: hh_бухгалтер_20260515_171651.json
[2026-05-15 17:16:51] [INFO] Парсер успешно завершил работу
[2026-05-25 19:49:19] [INFO] Запуск парсера HH.ru (PHP 8.5.5)
[2026-05-25 19:49:19] [INFO] Начало парсинга: 'системный аналитик'
[2026-05-25 19:49:19] [INFO] Токен успешно получен
[2026-05-25 19:49:20] [INFO] HTTP ответ: 200
[2026-05-25 19:49:20] [INFO] Получено вакансий: 25
[2026-05-25 19:49:51] [INFO] Обработано вакансий: 22
[2026-05-25 19:49:51] [INFO] Результаты сохранены: hh_системный_аналитик_20260525_194951.json
[2026-05-25 19:49:51] [INFO] Парсер успешно завершил работу
[2026-05-25 19:59:48] [INFO] Запуск парсера HH.ru (PHP 8.5.5)
[2026-05-25 19:59:55] [INFO] Начало парсинга: 'системный аналитик'
[2026-05-25 19:59:56] [INFO] Токен успешно получен
[2026-05-25 19:59:56] [INFO] HTTP ответ: 200
[2026-05-25 19:59:56] [INFO] Получено вакансий: 25
[2026-05-25 20:00:27] [INFO] Обработано вакансий: 22
[2026-05-25 20:00:27] [INFO] Результаты сохранены: hh_системный_аналитик_20260525_200027.json
[2026-05-25 20:00:27] [INFO] Парсер успешно завершил работу
[2026-05-25 20:01:38] [INFO] Запуск парсера HH.ru (PHP 8.5.5)
[2026-05-25 20:01:42] [INFO] Начало парсинга: 'системный аналитик'
[2026-05-25 20:01:42] [ERROR] Ошибка получения токена: 403
[2026-05-25 20:01:42] [ERROR] Не удалось получить токен
[2026-05-25 20:01:42] [INFO] Парсер успешно завершил работу
[2026-05-25 20:05:11] [INFO] Запуск парсера HH.ru (PHP 8.5.5)
[2026-05-25 20:05:21] [INFO] Начало парсинга: 'системный аналитик'
[2026-05-25 20:05:21] [INFO] Токен успешно получен
[2026-05-25 20:05:22] [INFO] HTTP ответ: 200
[2026-05-25 20:05:22] [INFO] Получено вакансий: 25
[2026-05-25 20:05:51] [INFO] Обработано вакансий: 22
[2026-05-25 20:05:51] [INFO] Результаты сохранены: hh_системный_аналитик_20260525_200551.json
[2026-05-25 20:05:51] [INFO] Парсер успешно завершил работу
[2026-05-25 20:09:04] [INFO] Запуск парсера HH.ru (PHP 8.5.5)
[2026-05-25 20:09:20] [INFO] Начало парсинга: 'системный аналитик'
[2026-05-25 20:09:21] [ERROR] Ошибка получения токена: 403
[2026-05-25 20:09:21] [ERROR] Не удалось получить токен
[2026-05-25 20:09:21] [INFO] Парсер успешно завершил работу
[2026-05-25 20:12:29] [INFO] Запуск парсера HH.ru (PHP 8.5.5)
[2026-05-25 20:12:39] [INFO] Начало парсинга: 'системный аналитик'
[2026-05-25 20:12:39] [INFO] Токен успешно получен
[2026-05-25 20:12:39] [INFO] HTTP ответ: 200
[2026-05-25 20:12:39] [INFO] Получено вакансий: 13
[2026-05-25 20:12:55] [INFO] Обработано вакансий: 11
[2026-05-25 20:12:55] [INFO] Результаты сохранены: hh_системный_аналитик_20260525_201255.json
[2026-05-25 20:12:55] [INFO] Парсер успешно завершил работу
[2026-05-25 20:19:47] [INFO] Запуск парсера HH.ru (PHP 8.5.5)
[2026-05-25 20:19:47] [INFO] Начало парсинга: 'системный аналитик'
[2026-05-25 20:19:48] [INFO] Токен успешно получен
[2026-05-25 20:19:48] [INFO] HTTP ответ: 200
[2026-05-25 20:19:48] [INFO] Получено вакансий: 13
[2026-05-25 20:20:04] [INFO] Обработано вакансий: 11
[2026-05-25 20:20:04] [INFO] Результаты сохранены: hh_системный_аналитик_20260525_202004.json
[2026-05-25 20:20:04] [INFO] Парсер успешно завершил работу
[2026-05-25 20:32:07] [INFO] Запуск парсера HH.ru (PHP 8.5.5)
[2026-05-25 20:32:07] [INFO] Начало парсинга: 'операционный логист'
[2026-05-25 20:32:08] [INFO] Токен успешно получен
[2026-05-25 20:32:08] [INFO] HTTP ответ: 200
[2026-05-25 20:32:08] [INFO] Получено вакансий: 3
[2026-05-25 20:32:11] [INFO] Обработано вакансий: 3
[2026-05-25 20:32:11] [INFO] Результаты сохранены: hh_операционный_логист_20260525_203211.json
[2026-05-25 20:32:11] [INFO] Парсер успешно завершил работу
[2026-05-25 20:37:57] [INFO] Запуск парсера HH.ru (PHP 8.5.5)
[2026-05-25 20:37:57] [INFO] Начало парсинга: 'менеджер по закупкам'
[2026-05-25 20:37:57] [INFO] Токен успешно получен
[2026-05-25 20:37:57] [INFO] HTTP ответ: 200
[2026-05-25 20:37:57] [INFO] Получено вакансий: 25
[2026-05-25 20:38:27] [INFO] Обработано вакансий: 25
[2026-05-25 20:38:27] [INFO] Результаты сохранены: hh_менеджер_по_закупкам_20260525_203827.json
[2026-05-25 20:38:27] [INFO] Парсер успешно завершил работу
[2026-05-25 20:45:33] [INFO] Запуск парсера HH.ru (PHP 8.5.5)
[2026-05-25 20:45:33] [INFO] Начало парсинга: 'юрисконсульт'
[2026-05-25 20:45:33] [INFO] Токен успешно получен
[2026-05-25 20:45:33] [INFO] HTTP ответ: 200
[2026-05-25 20:45:33] [INFO] Получено вакансий: 25
[2026-05-25 20:46:04] [INFO] Обработано вакансий: 25
[2026-05-25 20:46:04] [INFO] Результаты сохранены: hh_юрисконсульт_20260525_204604.json
[2026-05-25 20:46:04] [INFO] Парсер успешно завершил работу
[2026-05-25 22:08:05] [INFO] Запуск парсера HH.ru (PHP 8.5.5)
[2026-05-25 22:08:05] [INFO] Начало парсинга: 'секретарь суда'
[2026-05-25 22:08:05] [INFO] Токен успешно получен
[2026-05-25 22:08:05] [INFO] HTTP ответ: 200
[2026-05-25 22:08:05] [INFO] Получено вакансий: 10
[2026-05-25 22:08:17] [INFO] Обработано вакансий: 10
[2026-05-25 22:08:17] [INFO] Результаты сохранены: hh_секретарь_суда_20260525_220817.json
[2026-05-25 22:08:17] [INFO] Парсер успешно завершил работу
[2026-05-27 20:54:21] [INFO] Запуск парсера HH.ru (PHP 8.5.5)
[2026-05-27 20:54:21] [INFO] Начало парсинга: 'Специалист по налогообложению'
[2026-05-27 20:54:21] [INFO] Токен успешно получен
[2026-05-27 20:54:22] [INFO] HTTP ответ: 200
[2026-05-27 20:54:22] [INFO] Получено вакансий: 4
[2026-05-27 20:54:28] [INFO] Обработано вакансий: 4
[2026-05-27 20:54:28] [INFO] Результаты сохранены: hh_Специалист_по_налогообложению_20260527_205428.json
[2026-05-27 20:54:28] [INFO] Парсер успешно завершил работу
[2026-05-27 20:57:27] [INFO] Запуск парсера HH.ru (PHP 8.5.5)
[2026-05-27 20:57:27] [INFO] Начало парсинга: 'Специалист по налогообложению'
[2026-05-27 20:57:27] [ERROR] Ошибка получения токена: 403
[2026-05-27 20:57:27] [ERROR] Не удалось получить токен
[2026-05-27 20:57:27] [INFO] Парсер успешно завершил работу
[2026-05-27 21:01:27] [INFO] Запуск парсера HH.ru (PHP 8.5.5)
[2026-05-27 21:01:27] [INFO] Начало парсинга: 'Специалист по налогообложению'
[2026-05-27 21:01:27] [INFO] Токен успешно получен
[2026-05-27 21:01:27] [INFO] HTTP ответ: 200
[2026-05-27 21:01:27] [INFO] Получено вакансий: 4
[2026-05-27 21:01:32] [INFO] Обработано вакансий: 4
[2026-05-27 21:01:32] [INFO] Результаты сохранены: hh_Специалист_по_налогообложению_20260527_210132.json
[2026-05-27 21:01:32] [INFO] Парсер успешно завершил работу
[2026-05-27 21:05:57] [INFO] Запуск парсера HH.ru (PHP 8.5.5)
[2026-05-27 21:05:57] [INFO] Начало парсинга: 'Программист'
[2026-05-27 21:05:57] [ERROR] Ошибка получения токена: 403
[2026-05-27 21:05:57] [ERROR] Не удалось получить токен
[2026-05-27 21:05:57] [INFO] Парсер успешно завершил работу
[2026-05-27 21:10:02] [INFO] Запуск парсера HH.ru (PHP 8.5.5)
[2026-05-27 21:10:02] [INFO] Начало парсинга: 'Программист'
[2026-05-27 21:10:02] [INFO] Токен успешно получен
[2026-05-27 21:10:03] [INFO] HTTP ответ: 200
[2026-05-27 21:10:03] [INFO] Получено вакансий: 25
[2026-05-27 21:10:56] [INFO] Обработано вакансий: 23
[2026-05-27 21:10:56] [INFO] Результаты сохранены: hh_Программист_20260527_211056.json
[2026-05-27 21:10:56] [INFO] Парсер успешно завершил работу
[2026-05-27 21:19:17] [INFO] Запуск парсера HH.ru (PHP 8.5.5)
[2026-05-27 21:19:17] [INFO] Начало парсинга: 'Медицинская сестра'
[2026-05-27 21:19:17] [INFO] Токен успешно получен
[2026-05-27 21:19:18] [INFO] HTTP ответ: 200
[2026-05-27 21:19:18] [INFO] Получено вакансий: 25
[2026-05-27 21:19:56] [INFO] Обработано вакансий: 25
[2026-05-27 21:19:56] [INFO] Результаты сохранены: hh_Медицинская_сестра_20260527_211956.json
[2026-05-27 21:19:56] [INFO] Парсер успешно завершил работу
[2026-05-27 21:35:07] [INFO] Запуск парсера HH.ru (PHP 8.5.5)
[2026-05-27 21:35:07] [INFO] Начало парсинга: 'программист'
[2026-05-27 21:35:08] [INFO] Токен успешно получен
[2026-05-27 21:35:08] [INFO] HTTP ответ: 200
[2026-05-27 21:35:08] [INFO] Получено вакансий: 25
[2026-05-27 21:35:42] [INFO] Обработано вакансий: 23
[2026-05-27 21:35:42] [INFO] Результаты сохранены: hh_программист_20260527_213542.json
[2026-05-27 21:35:42] [INFO] Парсер успешно завершил работу
[2026-05-27 21:42:17] [INFO] Запуск парсера HH.ru (PHP 8.5.5)
[2026-05-27 21:42:17] [INFO] Начало парсинга: 'секретарь суда'
[2026-05-27 21:42:17] [INFO] Токен успешно получен
[2026-05-27 21:42:17] [INFO] HTTP ответ: 200
[2026-05-27 21:42:17] [INFO] Получено вакансий: 9
[2026-05-27 21:42:28] [INFO] Обработано вакансий: 9
[2026-05-27 21:42:28] [INFO] Результаты сохранены: hh_секретарь_суда_20260527_214228.json
[2026-05-27 21:42:28] [INFO] Парсер успешно завершил работу
