[2026-05-13 18:04:58] [INFO] Запуск парсера (PHP 8.5.5)
[2026-05-13 18:04:58] [INFO] Начало парсинга: '"бухгалтер"'
[2026-05-13 18:04:59] [INFO] HTTP ответ: 200
[2026-05-13 18:04:59] [INFO] Получено вакансий: 25
[2026-05-13 18:04:59] [ERROR] Вакансии не найдены
[2026-05-13 18:04:59] [INFO] Парсер успешно завершил работу
[2026-05-13 18:06:30] [INFO] Запуск парсера (PHP 8.5.5)
[2026-05-13 18:06:36] [INFO] Начало парсинга: 'бухгалтер'
[2026-05-13 18:06:36] [INFO] HTTP ответ: 200
[2026-05-13 18:06:36] [INFO] Получено вакансий: 25
[2026-05-13 18:06:36] [INFO] Обработано вакансий: 25
[2026-05-13 18:06:36] [INFO] Результаты сохранены: trudvsem_бухгалтер_20260513_180636.json
[2026-05-13 18:06:36] [INFO] Парсер успешно завершил работу
[2026-05-13 18:16:12] [INFO] Запуск парсера (PHP 8.5.5)
[2026-05-13 18:16:12] [INFO] Начало парсинга: '"бухгалтер"'
[2026-05-13 18:16:13] [INFO] HTTP ответ: 200
[2026-05-13 18:16:13] [INFO] Получено вакансий: 25
[2026-05-13 18:16:13] [ERROR] Вакансии не найдены
[2026-05-13 18:16:13] [INFO] Парсер успешно завершил работу
[2026-05-13 21:26:10] [INFO] Запуск парсера (PHP 8.5.5)
[2026-05-13 21:26:10] [INFO] Начало парсинга: 'бухгалтер'
[2026-05-13 21:26:11] [INFO] HTTP ответ: 200
[2026-05-13 21:26:11] [INFO] Получено вакансий: 25
[2026-05-13 21:26:11] [INFO] Обработано вакансий: 25
[2026-05-13 21:26:11] [INFO] Результаты сохранены: trudvsem_бухгалтер_20260513_212611.json
[2026-05-13 21:26:11] [INFO] Парсер успешно завершил работу
[2026-05-14 13:54:41] [INFO] Запуск парсера (PHP 8.5.5)
[2026-05-14 13:54:41] [INFO] Начало парсинга: 'бухгалтер'
[2026-05-14 13:54:42] [INFO] HTTP ответ: 200
[2026-05-14 13:54:42] [INFO] Получено вакансий: 25
[2026-05-14 13:54:42] [INFO] Обработано вакансий: 25
[2026-05-14 13:54:42] [INFO] Результаты сохранены: trudvsem_бухгалтер_20260514_135442.json
[2026-05-14 13:54:42] [INFO] Парсер успешно завершил работу
[2026-05-14 14:17:57] [INFO] Запуск парсера (PHP 8.5.5)
[2026-05-14 14:17:57] [INFO] Начало парсинга: 'бухгалтер'
[2026-05-14 14:17:58] [INFO] HTTP ответ: 200
[2026-05-14 14:17:58] [INFO] Получено вакансий: 25
[2026-05-14 14:17:58] [INFO] Обработано вакансий: 25
[2026-05-14 14:17:58] [INFO] Результаты сохранены: trudvsem_бухгалтер_20260514_141758.json
[2026-05-14 14:17:58] [INFO] Парсер успешно завершил работу
[2026-05-14 16:58:14] [INFO] Запуск парсера (PHP 8.5.5)
[2026-05-14 16:58:14] [INFO] Начало парсинга: 'бухгалтер'
[2026-05-14 16:58:15] [INFO] HTTP ответ: 200
[2026-05-14 16:58:15] [INFO] Получено вакансий: 25
[2026-05-14 16:58:15] [INFO] Обработано вакансий: 25
[2026-05-14 16:58:15] [INFO] Результаты сохранены: trudvsem_бухгалтер_20260514_165815.json
[2026-05-14 16:58:15] [INFO] Парсер успешно завершил работу
[2026-05-14 17:38:28] [INFO] Запуск парсера (PHP 8.5.5)
[2026-05-14 17:38:28] [INFO] Начало парсинга: 'бухгалтер'
[2026-05-14 17:38:29] [INFO] HTTP ответ: 200
[2026-05-14 17:38:29] [INFO] Получено вакансий: 25
[2026-05-14 17:38:29] [INFO] Обработано вакансий: 25
[2026-05-14 17:38:29] [INFO] Результаты сохранены: trudvsem_бухгалтер_20260514_173829.json
[2026-05-14 17:38:29] [INFO] Парсер успешно завершил работу
[2026-05-14 17:45:17] [INFO] Запуск парсера (PHP 8.5.5)
[2026-05-14 17:45:17] [INFO] Начало парсинга: ',e[ufknth'
[2026-05-14 17:45:18] [INFO] HTTP ответ: 200
[2026-05-14 17:45:18] [INFO] Получено вакансий: 0
[2026-05-14 17:45:18] [ERROR] Вакансии не найдены
[2026-05-14 17:45:18] [INFO] Парсер успешно завершил работу
[2026-05-14 17:51:10] [INFO] Запуск парсера (PHP 8.5.5)
[2026-05-14 17:51:10] [INFO] Начало парсинга: 'бухгалтер'
[2026-05-14 17:51:10] [INFO] HTTP ответ: 200
[2026-05-14 17:51:10] [INFO] Получено вакансий: 25
[2026-05-14 17:51:10] [INFO] Обработано вакансий: 25
[2026-05-14 17:51:10] [INFO] Результаты сохранены: trudvsem_бухгалтер_20260514_175110.json
[2026-05-14 17:51:10] [INFO] Парсер успешно завершил работу
[2026-05-14 18:03:55] [INFO] Запуск парсера (PHP 8.5.5)
[2026-05-14 18:03:55] [INFO] Начало парсинга: 'бухгалтер'
[2026-05-14 18:03:55] [INFO] HTTP ответ: 200
[2026-05-14 18:03:55] [INFO] Получено вакансий: 25
[2026-05-14 18:03:56] [INFO] Обработано вакансий: 25
[2026-05-14 18:03:56] [INFO] Результаты сохранены: trudvsem_бухгалтер_20260514_180356.json
[2026-05-14 18:03:56] [INFO] Парсер успешно завершил работу
[2026-05-14 18:56:14] [INFO] Запуск парсера (PHP 8.5.5)
[2026-05-14 18:56:14] [INFO] Начало парсинга: 'бухгалтер'
[2026-05-14 18:56:15] [INFO] HTTP ответ: 200
[2026-05-14 18:56:15] [INFO] Получено вакансий: 25
[2026-05-14 18:56:15] [INFO] Обработано вакансий: 25
[2026-05-14 18:56:15] [INFO] Результаты сохранены: trudvsem_бухгалтер_20260514_185615.json
[2026-05-14 18:56:15] [INFO] Парсер успешно завершил работу
[2026-05-14 19:15:59] [INFO] Запуск парсера (PHP 8.5.5)
[2026-05-14 19:15:59] [INFO] Начало парсинга: 'бухгалтер'
[2026-05-14 19:16:00] [INFO] HTTP ответ: 200
[2026-05-14 19:16:00] [INFO] Получено вакансий: 25
[2026-05-14 19:16:00] [INFO] Обработано вакансий: 25
[2026-05-14 19:16:00] [INFO] Результаты сохранены: trudvsem_бухгалтер_20260514_191600.json
[2026-05-14 19:16:00] [INFO] Парсер успешно завершил работу
[2026-05-14 19:47:39] [INFO] Запуск парсера (PHP 8.5.5)
[2026-05-14 19:47:39] [INFO] Начало парсинга: 'бухгалтер'
[2026-05-14 19:47:40] [INFO] HTTP ответ: 200
[2026-05-14 19:47:40] [INFO] Получено вакансий: 25
[2026-05-14 19:47:40] [INFO] Обработано вакансий: 25
[2026-05-14 19:47:40] [INFO] Результаты сохранены: trudvsem_бухгалтер_20260514_194740.json
[2026-05-14 19:47:40] [INFO] Парсер успешно завершил работу
[2026-05-14 20:02:08] [INFO] Запуск парсера (PHP 8.5.5)
[2026-05-14 20:02:08] [INFO] Начало парсинга: 'бухгалтер'
[2026-05-14 20:02:08] [INFO] HTTP ответ: 200
[2026-05-14 20:02:08] [INFO] Получено вакансий: 25
[2026-05-14 20:02:08] [INFO] Обработано вакансий: 25
[2026-05-14 20:02:08] [INFO] Результаты сохранены: trudvsem_бухгалтер_20260514_200208.json
[2026-05-14 20:02:08] [INFO] Парсер успешно завершил работу
[2026-05-14 21:57:14] [INFO] Запуск парсера (PHP 8.5.5)
[2026-05-14 21:57:14] [INFO] Начало парсинга: 'бухгалтер'
[2026-05-14 21:57:15] [INFO] HTTP ответ: 200
[2026-05-14 21:57:15] [INFO] Получено вакансий: 25
[2026-05-14 21:57:15] [INFO] Обработано вакансий: 25
[2026-05-14 21:57:15] [INFO] Результаты сохранены: trudvsem_бухгалтер_20260514_215715.json
[2026-05-14 21:57:15] [INFO] Парсер успешно завершил работу
[2026-05-14 22:10:24] [INFO] Запуск парсера (PHP 8.5.5)
[2026-05-14 22:10:24] [INFO] Начало парсинга: 'бухгалтер'
[2026-05-14 22:10:25] [INFO] HTTP ответ: 200
[2026-05-14 22:10:25] [INFO] Получено вакансий: 25
[2026-05-14 22:10:25] [INFO] Обработано вакансий: 25
[2026-05-14 22:10:25] [INFO] Результаты сохранены: trudvsem_бухгалтер_20260514_221025.json
[2026-05-14 22:10:25] [INFO] Парсер успешно завершил работу
[2026-05-14 22:14:32] [INFO] Запуск парсера (PHP 8.5.5)
[2026-05-14 22:14:32] [INFO] Начало парсинга: 'бухгалтер'
[2026-05-14 22:14:34] [INFO] HTTP ответ: 200
[2026-05-14 22:14:34] [INFO] Получено вакансий: 25
[2026-05-14 22:14:34] [INFO] Обработано вакансий: 25
[2026-05-14 22:14:34] [INFO] Результаты сохранены: trudvsem_бухгалтер_20260514_221434.json
[2026-05-14 22:14:34] [INFO] Парсер успешно завершил работу
[2026-05-14 22:20:01] [INFO] Запуск парсера (PHP 8.5.5)
[2026-05-14 22:20:01] [INFO] Начало парсинга: 'бухгалтер'
[2026-05-14 22:20:02] [INFO] HTTP ответ: 200
[2026-05-14 22:20:02] [INFO] Получено вакансий: 25
[2026-05-14 22:20:02] [INFO] Обработано вакансий: 25
[2026-05-14 22:20:02] [INFO] Результаты сохранены: trudvsem_бухгалтер_20260514_222002.json
[2026-05-14 22:20:02] [INFO] Парсер успешно завершил работу
[2026-05-14 22:29:30] [INFO] Запуск парсера (PHP 8.5.5)
[2026-05-14 22:29:30] [INFO] Начало парсинга: 'бухгалтер'
[2026-05-14 22:29:30] [INFO] HTTP ответ: 200
[2026-05-14 22:29:30] [INFO] Получено вакансий: 25
[2026-05-14 22:29:30] [INFO] Обработано вакансий: 25
[2026-05-14 22:29:30] [INFO] Результаты сохранены: trudvsem_бухгалтер_20260514_222930.json
[2026-05-14 22:29:30] [INFO] Парсер успешно завершил работу
[2026-05-15 17:01:44] [INFO] Запуск парсера (PHP 8.5.5)
[2026-05-15 17:01:44] [INFO] Начало парсинга: 'бухгалтер'
[2026-05-15 17:01:44] [INFO] HTTP ответ: 200
[2026-05-15 17:01:44] [INFO] Получено вакансий: 25
[2026-05-15 17:01:44] [INFO] Обработано вакансий: 25
[2026-05-15 17:01:44] [INFO] Результаты сохранены: trudvsem_бухгалтер_20260515_170144.json
[2026-05-15 17:01:44] [INFO] Парсер успешно завершил работу
[2026-05-15 17:04:06] [INFO] Запуск парсера (PHP 8.5.5)
[2026-05-15 17:04:06] [INFO] Начало парсинга: 'бухгалтер'
[2026-05-15 17:04:07] [INFO] HTTP ответ: 200
[2026-05-15 17:04:07] [INFO] Получено вакансий: 25
[2026-05-15 17:04:07] [INFO] Обработано вакансий: 25
[2026-05-15 17:04:07] [INFO] Результаты сохранены: trudvsem_бухгалтер_20260515_170407.json
[2026-05-15 17:04:07] [INFO] Парсер успешно завершил работу
[2026-05-15 17:05:23] [INFO] Запуск парсера (PHP 8.5.5)
[2026-05-15 17:05:23] [INFO] Начало парсинга: 'бухгалтер'
[2026-05-15 17:05:24] [INFO] HTTP ответ: 200
[2026-05-15 17:05:24] [INFO] Получено вакансий: 25
[2026-05-15 17:05:24] [INFO] Обработано вакансий: 25
[2026-05-15 17:05:24] [INFO] Результаты сохранены: trudvsem_бухгалтер_20260515_170524.json
[2026-05-15 17:05:24] [INFO] Парсер успешно завершил работу
[2026-05-15 17:16:18] [INFO] Запуск парсера (PHP 8.5.5)
[2026-05-15 17:16:18] [INFO] Начало парсинга: 'бухгалтер'
[2026-05-15 17:16:20] [INFO] HTTP ответ: 200
[2026-05-15 17:16:20] [INFO] Получено вакансий: 25
[2026-05-15 17:16:20] [INFO] Обработано вакансий: 25
[2026-05-15 17:16:20] [INFO] Результаты сохранены: trudvsem_бухгалтер_20260515_171620.json
[2026-05-15 17:16:20] [INFO] Парсер успешно завершил работу
[2026-05-25 19:49:18] [INFO] Запуск парсера (PHP 8.5.5)
[2026-05-25 19:49:18] [INFO] Начало парсинга: 'системный аналитик'
[2026-05-25 19:49:19] [INFO] HTTP ответ: 200
[2026-05-25 19:49:19] [INFO] Получено вакансий: 4
[2026-05-25 19:49:19] [INFO] Обработано вакансий: 1
[2026-05-25 19:49:19] [INFO] Результаты сохранены: trudvsem_системный_аналитик_20260525_194919.json
[2026-05-25 19:49:19] [INFO] Парсер успешно завершил работу
[2026-05-25 20:19:47] [INFO] Запуск парсера (PHP 8.5.5)
[2026-05-25 20:19:47] [INFO] Начало парсинга: 'системный аналитик'
[2026-05-25 20:19:47] [INFO] HTTP ответ: 200
[2026-05-25 20:19:47] [INFO] Получено вакансий: 4
[2026-05-25 20:19:47] [INFO] Обработано вакансий: 1
[2026-05-25 20:19:47] [INFO] Результаты сохранены: trudvsem_системный_аналитик_20260525_201947.json
[2026-05-25 20:19:47] [INFO] Парсер успешно завершил работу
[2026-05-25 20:32:07] [INFO] Запуск парсера (PHP 8.5.5)
[2026-05-25 20:32:07] [INFO] Начало парсинга: 'операционный логист'
[2026-05-25 20:32:07] [INFO] HTTP ответ: 200
[2026-05-25 20:32:07] [INFO] Получено вакансий: 0
[2026-05-25 20:32:07] [ERROR] Вакансии не найдены
[2026-05-25 20:32:07] [INFO] Парсер успешно завершил работу
[2026-05-25 20:37:56] [INFO] Запуск парсера (PHP 8.5.5)
[2026-05-25 20:37:56] [INFO] Начало парсинга: 'менеджер по закупкам'
[2026-05-25 20:37:57] [INFO] HTTP ответ: 200
[2026-05-25 20:37:57] [INFO] Получено вакансий: 4
[2026-05-25 20:37:57] [INFO] Обработано вакансий: 2
[2026-05-25 20:37:57] [INFO] Результаты сохранены: trudvsem_менеджер_по_закупкам_20260525_203757.json
[2026-05-25 20:37:57] [INFO] Парсер успешно завершил работу
[2026-05-25 20:45:32] [INFO] Запуск парсера (PHP 8.5.5)
[2026-05-25 20:45:32] [INFO] Начало парсинга: 'юрисконсульт'
[2026-05-25 20:45:32] [INFO] HTTP ответ: 200
[2026-05-25 20:45:32] [INFO] Получено вакансий: 25
[2026-05-25 20:45:32] [INFO] Обработано вакансий: 24
[2026-05-25 20:45:32] [INFO] Результаты сохранены: trudvsem_юрисконсульт_20260525_204532.json
[2026-05-25 20:45:32] [INFO] Парсер успешно завершил работу
[2026-05-25 22:08:04] [INFO] Запуск парсера (PHP 8.5.5)
[2026-05-25 22:08:04] [INFO] Начало парсинга: 'секретарь суда'
[2026-05-25 22:08:05] [INFO] HTTP ответ: 200
[2026-05-25 22:08:05] [INFO] Получено вакансий: 8
[2026-05-25 22:08:05] [INFO] Обработано вакансий: 1
[2026-05-25 22:08:05] [INFO] Результаты сохранены: trudvsem_секретарь_суда_20260525_220805.json
[2026-05-25 22:08:05] [INFO] Парсер успешно завершил работу
[2026-05-27 20:54:21] [INFO] Запуск парсера (PHP 8.5.5)
[2026-05-27 20:54:21] [INFO] Начало парсинга: 'Специалист по налогообложению'
[2026-05-27 20:54:21] [INFO] HTTP ответ: 200
[2026-05-27 20:54:21] [INFO] Получено вакансий: 0
[2026-05-27 20:54:21] [ERROR] Вакансии не найдены
[2026-05-27 20:54:21] [INFO] Парсер успешно завершил работу
[2026-05-27 20:57:25] [INFO] Запуск парсера (PHP 8.5.5)
[2026-05-27 20:57:25] [INFO] Начало парсинга: 'Специалист по налогообложению'
[2026-05-27 20:57:27] [INFO] HTTP ответ: 200
[2026-05-27 20:57:27] [INFO] Получено вакансий: 0
[2026-05-27 20:57:27] [ERROR] Вакансии не найдены
[2026-05-27 20:57:27] [INFO] Парсер успешно завершил работу
[2026-05-27 21:01:27] [INFO] Запуск парсера (PHP 8.5.5)
[2026-05-27 21:01:27] [INFO] Начало парсинга: 'Специалист по налогообложению'
[2026-05-27 21:01:27] [INFO] HTTP ответ: 200
[2026-05-27 21:01:27] [INFO] Получено вакансий: 0
[2026-05-27 21:01:27] [ERROR] Вакансии не найдены
[2026-05-27 21:01:27] [INFO] Парсер успешно завершил работу
[2026-05-27 21:05:56] [INFO] Запуск парсера (PHP 8.5.5)
[2026-05-27 21:05:56] [INFO] Начало парсинга: 'Программист'
[2026-05-27 21:05:57] [INFO] HTTP ответ: 200
[2026-05-27 21:05:57] [INFO] Получено вакансий: 25
[2026-05-27 21:05:57] [INFO] Обработано вакансий: 25
[2026-05-27 21:05:57] [INFO] Результаты сохранены: trudvsem_Программист_20260527_210557.json
[2026-05-27 21:05:57] [INFO] Парсер успешно завершил работу
[2026-05-27 21:10:01] [INFO] Запуск парсера (PHP 8.5.5)
[2026-05-27 21:10:01] [INFO] Начало парсинга: 'Программист'
[2026-05-27 21:10:02] [INFO] HTTP ответ: 200
[2026-05-27 21:10:02] [INFO] Получено вакансий: 25
[2026-05-27 21:10:02] [INFO] Обработано вакансий: 25
[2026-05-27 21:10:02] [INFO] Результаты сохранены: trudvsem_Программист_20260527_211002.json
[2026-05-27 21:10:02] [INFO] Парсер успешно завершил работу
[2026-05-27 21:19:16] [INFO] Запуск парсера (PHP 8.5.5)
[2026-05-27 21:19:16] [INFO] Начало парсинга: 'Медицинская сестра'
[2026-05-27 21:19:17] [INFO] HTTP ответ: 200
[2026-05-27 21:19:17] [INFO] Получено вакансий: 25
[2026-05-27 21:19:17] [INFO] Обработано вакансий: 25
[2026-05-27 21:19:17] [INFO] Результаты сохранены: trudvsem_Медицинская_сестра_20260527_211917.json
[2026-05-27 21:19:17] [INFO] Парсер успешно завершил работу
[2026-05-27 21:35:07] [INFO] Запуск парсера (PHP 8.5.5)
[2026-05-27 21:35:07] [INFO] Начало парсинга: 'программист'
[2026-05-27 21:35:07] [INFO] HTTP ответ: 200
[2026-05-27 21:35:07] [INFO] Получено вакансий: 25
[2026-05-27 21:35:07] [INFO] Обработано вакансий: 25
[2026-05-27 21:35:07] [INFO] Результаты сохранены: trudvsem_программист_20260527_213507.json
[2026-05-27 21:35:07] [INFO] Парсер успешно завершил работу
[2026-05-27 21:42:16] [INFO] Запуск парсера (PHP 8.5.5)
[2026-05-27 21:42:16] [INFO] Начало парсинга: 'секретарь суда'
[2026-05-27 21:42:16] [INFO] HTTP ответ: 200
[2026-05-27 21:42:16] [INFO] Получено вакансий: 8
[2026-05-27 21:42:16] [INFO] Обработано вакансий: 1
[2026-05-27 21:42:16] [INFO] Результаты сохранены: trudvsem_секретарь_суда_20260527_214216.json
[2026-05-27 21:42:16] [INFO] Парсер успешно завершил работу
