[2026-05-13 18:04:58] [INFO] === ЗАПУСК ПАРСЕРА: Работа России (Trudvsem) ===
[2026-05-13 18:04:58] [INFO] Выполняется команда с запросом: бухгалтер
[2026-05-13 18:04:59] [INFO] Парсер Работа России (Trudvsem) успешно завершил работу
[2026-05-13 18:04:59] [INFO] === ЗАПУСК ПАРСЕРА: HH.ru ===
[2026-05-13 18:04:59] [INFO] Выполняется команда с запросом: бухгалтер
[2026-05-13 18:05:30] [INFO] Парсер HH.ru успешно завершил работу
[2026-05-13 18:05:30] [INFO] Завершено. Запрос: 'бухгалтер', Время: 32.1 сек.
[2026-05-13 18:16:12] [INFO] === ЗАПУСК ПАРСЕРА: Работа России (Trudvsem) ===
[2026-05-13 18:16:12] [INFO] Выполняется команда с запросом: бухгалтер
[2026-05-13 18:16:13] [INFO] Парсер Работа России (Trudvsem) успешно завершил работу
[2026-05-13 18:16:13] [INFO] === ЗАПУСК ПАРСЕРА: HH.ru ===
[2026-05-13 18:16:13] [INFO] Выполняется команда с запросом: бухгалтер
[2026-05-13 18:16:44] [INFO] Парсер HH.ru успешно завершил работу
[2026-05-13 18:16:44] [INFO] Завершено. Запрос: 'бухгалтер', Время: 32.36 сек.
[2026-05-13 21:26:10] [INFO] === ЗАПУСК ПАРСЕРА: Работа России (Trudvsem) ===
[2026-05-13 21:26:10] [INFO] Выполняется команда: php "C:\Users\User\парсинг вакансий/parser_trudvsem.php"
[2026-05-13 21:26:11] [INFO] Парсер Работа России (Trudvsem) успешно завершил работу
[2026-05-13 21:26:11] [INFO] === ЗАПУСК ПАРСЕРА: HH.ru ===
[2026-05-13 21:26:11] [INFO] Выполняется команда: php "C:\Users\User\парсинг вакансий/parser_hh.php"
[2026-05-13 21:26:42] [INFO] Парсер HH.ru успешно завершил работу
[2026-05-13 21:26:42] [INFO] Завершено. Запрос: 'бухгалтер', Время: 31.85 сек.
[2026-05-14 13:54:40] [INFO] === ЗАПУСК ПАРСЕРА: Работа России (Trudvsem) ===
[2026-05-14 13:54:40] [INFO] Выполняется команда: php "C:\Users\User\парсинг вакансий/parser_trudvsem.php"
[2026-05-14 13:54:42] [INFO] Парсер Работа России (Trudvsem) успешно завершил работу
[2026-05-14 13:54:42] [INFO] === ЗАПУСК ПАРСЕРА: HH.ru ===
[2026-05-14 13:54:42] [INFO] Выполняется команда: php "C:\Users\User\парсинг вакансий/parser_hh.php"
[2026-05-14 13:55:17] [INFO] Парсер HH.ru успешно завершил работу
[2026-05-14 13:55:17] [INFO] Завершено. Запрос: 'бухгалтер', Время: 36.21 сек.
[2026-05-14 14:17:57] [INFO] === ЗАПУСК ПАРСЕРА: Работа России (Trudvsem) ===
[2026-05-14 14:17:58] [INFO] Парсер Работа России (Trudvsem) вернул 25 вакансий
[2026-05-14 14:17:58] [INFO] === ЗАПУСК ПАРСЕРА: HH.ru ===
[2026-05-14 14:18:31] [INFO] Парсер HH.ru вернул 24 вакансий
[2026-05-14 14:18:31] [INFO] Сохранён объединённый файл: C:\Users\User\парсинг вакансий/results/unified_бухгалтер_20260514_141831.json
[2026-05-14 14:18:31] [INFO] Объединение завершено. Всего вакансий: 49
[2026-05-14 16:58:14] [INFO] === ЗАПУСК ПАРСЕРА: Работа России (Trudvsem) ===
[2026-05-14 16:58:15] [INFO] Парсер Работа России (Trudvsem) вернул 25 вакансий
[2026-05-14 16:58:15] [INFO] === ЗАПУСК ПАРСЕРА: HH.ru ===
[2026-05-14 16:58:46] [INFO] Парсер HH.ru вернул 24 вакансий
[2026-05-14 16:58:46] [INFO] Подготовка текстов для AI анализа...
[2026-05-14 16:58:46] [INFO] Подготовлено 48 текстов для анализа
[2026-05-14 16:58:46] [INFO] Разбито на 6 батчей (по 8 вакансий)
[2026-05-14 16:58:46] [INFO] Обработка батча 1 из 6
[2026-05-14 16:58:46] [DEBUG] Выполняется AI анализ батча...
[2026-05-14 17:00:57] [INFO] Обработка батча 2 из 6
[2026-05-14 17:00:57] [DEBUG] Выполняется AI анализ батча...
[2026-05-14 17:02:51] [INFO] Обработка батча 3 из 6
[2026-05-14 17:02:51] [DEBUG] Выполняется AI анализ батча...
[2026-05-14 17:04:51] [INFO] Обработка батча 4 из 6
[2026-05-14 17:04:51] [DEBUG] Выполняется AI анализ батча...
[2026-05-14 17:07:04] [INFO] Обработка батча 5 из 6
[2026-05-14 17:07:04] [DEBUG] Выполняется AI анализ батча...
[2026-05-14 17:09:22] [INFO] Обработка батча 6 из 6
[2026-05-14 17:09:22] [DEBUG] Выполняется AI анализ батча...
[2026-05-14 17:11:29] [INFO] AI анализ завершён. Найдено профессиональных навыков: 0, личностных: 0
[2026-05-14 17:11:29] [INFO] Сохранён объединённый файл: C:\Users\User\парсинг вакансий/results/unified_бухгалтер_20260514_171129.json
[2026-05-14 17:11:29] [INFO] Объединение завершено. Всего вакансий: 49
[2026-05-14 17:38:28] [INFO] === ЗАПУСК ПАРСЕРА: Работа России (Trudvsem) ===
[2026-05-14 17:38:29] [INFO] Парсер Работа России (Trudvsem) вернул 25 вакансий
[2026-05-14 17:38:29] [INFO] === ЗАПУСК ПАРСЕРА: HH.ru ===
[2026-05-14 17:38:59] [INFO] Парсер HH.ru вернул 24 вакансий
[2026-05-14 17:38:59] [INFO] Извлечение навыков из Trudvsem...
[2026-05-14 17:39:00] [ERROR] Ошибка извлечения навыков из Trudvsem: 
[2026-05-14 17:39:00] [INFO] Извлечение навыков из HH.ru...
[2026-05-14 17:39:00] [ERROR] Ошибка извлечения навыков из HH.ru: 
[2026-05-14 17:39:00] [INFO] Анализ и агрегация навыков из всех вакансий...
[2026-05-14 17:39:00] [ERROR] Ошибка агрегации навыков: 
[2026-05-14 17:39:00] [INFO] Сохранён объединённый файл: C:\Users\User\парсинг вакансий/results/unified_бухгалтер_20260514_173900.json
[2026-05-14 17:39:00] [INFO] Объединение завершено. Всего вакансий: 49
[2026-05-14 17:45:17] [INFO] === ЗАПУСК ПАРСЕРА: Работа России (Trudvsem) ===
[2026-05-14 17:45:18] [WARNING] STDERR: [2026-05-14 17:45:18] [ERROR] Вакансии не найдены

[2026-05-14 17:45:18] [ERROR] Не найден выходной JSON-файл для парсера Работа России (Trudvsem)
[2026-05-14 17:45:18] [INFO] === ЗАПУСК ПАРСЕРА: HH.ru ===
[2026-05-14 17:45:49] [INFO] Парсер HH.ru вернул 24 вакансий
[2026-05-14 17:45:49] [INFO] Извлечение навыков из Trudvsem...
[2026-05-14 17:45:50] [INFO] Навыки из Trudvsem успешно извлечены
[2026-05-14 17:45:50] [INFO] Извлечение навыков из HH.ru...
[2026-05-14 17:45:51] [INFO] Навыки из HH.ru успешно извлечены
[2026-05-14 17:45:51] [INFO] Анализ и агрегация навыков из всех вакансий...
[2026-05-14 17:45:52] [INFO] Сохранён объединённый файл: C:\Users\User\парсинг вакансий/results/unified__e_ufknth_20260514_174552.json
[2026-05-14 17:45:52] [INFO] Объединение завершено. Всего вакансий: 24
[2026-05-14 17:51:10] [INFO] === ЗАПУСК ПАРСЕРА: Работа России (Trudvsem) ===
[2026-05-14 17:51:10] [INFO] Парсер Работа России (Trudvsem) вернул 25 вакансий
[2026-05-14 17:51:10] [INFO] === ЗАПУСК ПАРСЕРА: HH.ru ===
[2026-05-14 17:51:41] [INFO] Парсер HH.ru вернул 24 вакансий
[2026-05-14 17:51:41] [INFO] Извлечение навыков из Trudvsem...
[2026-05-14 17:51:42] [INFO] Навыки из Trudvsem успешно извлечены
[2026-05-14 17:51:42] [INFO] Извлечение навыков из HH.ru...
[2026-05-14 17:51:43] [INFO] Навыки из HH.ru успешно извлечены
[2026-05-14 17:51:43] [INFO] Анализ и агрегация навыков из всех вакансий...
[2026-05-14 17:51:44] [INFO] Сохранён объединённый файл: C:\Users\User\парсинг вакансий/results/unified_бухгалтер_20260514_175144.json
[2026-05-14 17:51:44] [INFO] Объединение завершено. Всего вакансий: 49
[2026-05-14 18:03:55] [INFO] === ЗАПУСК ПАРСЕРА: Работа России (Trudvsem) ===
[2026-05-14 18:03:56] [INFO] Парсер Работа России (Trudvsem) вернул 25 вакансий
[2026-05-14 18:03:56] [INFO] === ЗАПУСК ПАРСЕРА: HH.ru ===
[2026-05-14 18:04:27] [INFO] Парсер HH.ru вернул 24 вакансий
[2026-05-14 18:04:27] [INFO] Извлечение навыков из Trudvsem...
[2026-05-14 18:18:46] [INFO] Навыки из Trudvsem успешно извлечены
[2026-05-14 18:18:46] [INFO] Извлечение навыков из HH.ru...
[2026-05-14 18:45:25] [INFO] Навыки из HH.ru успешно извлечены
[2026-05-14 18:45:25] [INFO] Анализ и агрегация навыков из всех вакансий...
[2026-05-14 18:45:26] [INFO] Сохранён объединённый файл: C:\Users\User\парсинг вакансий/results/unified_бухгалтер_20260514_184526.json
[2026-05-14 18:45:26] [INFO] Объединение завершено. Всего вакансий: 49
[2026-05-14 18:56:14] [INFO] === ЗАПУСК ПАРСЕРА: Работа России (Trudvsem) ===
[2026-05-14 18:56:15] [INFO] Парсер Работа России (Trudvsem) вернул 25 вакансий
[2026-05-14 18:56:15] [INFO] === ЗАПУСК ПАРСЕРА: HH.ru ===
[2026-05-14 18:56:49] [INFO] Парсер HH.ru вернул 24 вакансий
[2026-05-14 18:56:49] [INFO] Запуск AI анализа объединённого файла...
[2026-05-14 18:56:49] [INFO] Подготовлено 49 описаний для AI анализа
[2026-05-14 18:56:49] [INFO] Ограничено до 25 описаний для AI анализа
[2026-05-14 18:56:49] [INFO] Выполняется AI анализ...
[2026-05-14 19:00:02] [INFO] AI анализ успешно завершён
[2026-05-14 19:00:02] [INFO] Сохранён объединённый файл: C:\Users\User\парсинг вакансий/results/unified_бухгалтер_20260514_190002.json
[2026-05-14 19:00:02] [INFO] Объединение завершено. Всего вакансий: 49
[2026-05-14 19:15:59] [INFO] === ЗАПУСК ПАРСЕРА: Работа России (Trudvsem) ===
[2026-05-14 19:16:00] [INFO] Парсер Работа России (Trudvsem) вернул 25 вакансий
[2026-05-14 19:16:00] [INFO] === ЗАПУСК ПАРСЕРА: HH.ru ===
[2026-05-14 19:16:31] [INFO] Парсер HH.ru вернул 24 вакансий
[2026-05-14 19:16:31] [INFO] Запуск AI анализа объединённого файла...
[2026-05-14 19:16:31] [INFO] Подготовлено 49 вакансий для AI анализа (навыки + описания)
[2026-05-14 19:16:31] [INFO] Выполняется AI анализ...
[2026-05-14 19:16:32] [INFO] AI анализ успешно завершён
[2026-05-14 19:16:32] [INFO] Сохранён объединённый файл: C:\Users\User\парсинг вакансий/results/unified_бухгалтер_20260514_191632.json
[2026-05-14 19:16:32] [INFO] Объединение завершено. Всего вакансий: 49
[2026-05-14 19:47:39] [INFO] === ЗАПУСК ПАРСЕРА: Работа России (Trudvsem) ===
[2026-05-14 19:47:40] [INFO] Парсер Работа России (Trudvsem) вернул 25 вакансий
[2026-05-14 19:47:40] [INFO] === ЗАПУСК ПАРСЕРА: HH.ru ===
[2026-05-14 19:48:11] [INFO] Парсер HH.ru вернул 24 вакансий
[2026-05-14 19:48:11] [INFO] Запуск AI анализа объединённого файла...
[2026-05-14 19:48:11] [INFO] Подготовлено 49 вакансий для AI анализа (навыки + описания)
[2026-05-14 19:48:11] [INFO] Выполняется AI анализ...
[2026-05-14 19:48:12] [INFO] AI анализ успешно завершён
[2026-05-14 19:48:12] [INFO] Сохранён объединённый файл: C:\Users\User\парсинг вакансий/results/unified_бухгалтер_20260514_194812.json
[2026-05-14 19:48:12] [INFO] Объединение завершено. Всего вакансий: 49
[2026-05-14 20:02:08] [INFO] === ЗАПУСК ПАРСЕРА: Работа России (Trudvsem) ===
[2026-05-14 20:02:08] [INFO] Парсер Работа России (Trudvsem) вернул 25 вакансий
[2026-05-14 20:02:08] [INFO] === ЗАПУСК ПАРСЕРА: HH.ru ===
[2026-05-14 20:02:39] [INFO] Парсер HH.ru вернул 24 вакансий
[2026-05-14 20:02:39] [INFO] Запуск AI анализа объединённого файла...
[2026-05-14 20:02:39] [INFO] Подготовлено 49 вакансий для AI анализа (навыки + описания)
[2026-05-14 20:02:39] [INFO] === ОТЛАДКА ===
[2026-05-14 20:02:39] [INFO] Тип vacancies_texts: array
[2026-05-14 20:02:39] [INFO] Количество: 49
[2026-05-14 20:02:39] [INFO] Первый элемент (первые 100 символов): Требуемые навыки: 1С, 1с, бухгалтерия
Описание вакансии: Бухгалтерский учет. Работа по первичному уч
[2026-05-14 20:02:39] [INFO] Размер файла: 89660 байт
[2026-05-14 20:02:39] [INFO] Первые 200 символов файла: {"vacancies":["Требуемые навыки: 1С, 1с, бухгалтерия\nОписание вакансии: Бухгалтерский учет. Работа по первичному учету бухгалтерской документации. Ведение 1С бухгалтерии.","Описание вакансии: контрол
[2026-05-14 20:02:39] [INFO] Выполняется AI анализ...
[2026-05-14 20:02:40] [INFO] AI анализ успешно завершён
[2026-05-14 20:02:40] [INFO] Сохранён объединённый файл: C:\Users\User\парсинг вакансий/results/unified_бухгалтер_20260514_200240.json
[2026-05-14 20:02:40] [INFO] Объединение завершено. Всего вакансий: 49
[2026-05-14 21:57:14] [INFO] === ЗАПУСК ПАРСЕРА: Работа России (Trudvsem) ===
[2026-05-14 21:57:15] [INFO] Парсер Работа России (Trudvsem) вернул 25 вакансий
[2026-05-14 21:57:15] [INFO] === ЗАПУСК ПАРСЕРА: HH.ru ===
[2026-05-14 21:57:44] [INFO] Парсер HH.ru вернул 24 вакансий
[2026-05-14 21:57:44] [INFO] Запуск AI анализа объединённого файла...
[2026-05-14 21:57:44] [INFO] Подготовлено 49 описаний для AI анализа
[2026-05-14 21:57:44] [INFO] Ограничено до 25 описаний для AI анализа
[2026-05-14 21:57:44] [INFO] Выполняется AI анализ...
[2026-05-14 22:01:03] [INFO] AI анализ успешно завершён
[2026-05-14 22:01:03] [INFO] Сохранён объединённый файл: C:\Users\User\парсинг вакансий/results/unified_бухгалтер_20260514_220103.json
[2026-05-14 22:01:03] [INFO] Объединение завершено. Всего вакансий: 49
[2026-05-14 22:10:24] [INFO] === ЗАПУСК ПАРСЕРА: Работа России (Trudvsem) ===
[2026-05-14 22:10:25] [INFO] Парсер Работа России (Trudvsem) вернул 25 вакансий
[2026-05-14 22:10:25] [INFO] === ЗАПУСК ПАРСЕРА: HH.ru ===
[2026-05-14 22:10:25] [WARNING] STDERR: [2026-05-14 22:10:25] [ERROR] Ошибка получения токена: 403
[2026-05-14 22:10:25] [ERROR] Не удалось получить токен

[2026-05-14 22:10:25] [INFO] Парсер HH.ru вернул 24 вакансий
[2026-05-14 22:10:25] [INFO] Запуск AI анализа объединённого файла...
[2026-05-14 22:10:25] [INFO] Подготовлено 49 описаний для AI анализа
[2026-05-14 22:10:25] [INFO] Ограничено до 25 описаний для AI анализа
[2026-05-14 22:10:25] [INFO] Выполняется AI анализ...
[2026-05-14 22:14:32] [INFO] === ЗАПУСК ПАРСЕРА: Работа России (Trudvsem) ===
[2026-05-14 22:14:34] [INFO] Парсер Работа России (Trudvsem) вернул 25 вакансий
[2026-05-14 22:14:34] [INFO] === ЗАПУСК ПАРСЕРА: HH.ru ===
[2026-05-14 22:15:04] [INFO] Парсер HH.ru вернул 24 вакансий
[2026-05-14 22:15:04] [INFO] Запуск AI анализа объединённого файла...
[2026-05-14 22:15:04] [INFO] Подготовлено 49 описаний для AI анализа
[2026-05-14 22:15:04] [INFO] Выполняется AI анализ...
[2026-05-14 22:15:05] [INFO] AI анализ успешно завершён
[2026-05-14 22:15:05] [INFO] Сохранён объединённый файл: C:\Users\User\парсинг вакансий/results/unified_бухгалтер_20260514_221505.json
[2026-05-14 22:15:05] [INFO] Объединение завершено. Всего вакансий: 49
[2026-05-14 22:20:01] [INFO] === ЗАПУСК ПАРСЕРА: Работа России (Trudvsem) ===
[2026-05-14 22:20:02] [INFO] Парсер Работа России (Trudvsem) вернул 25 вакансий
[2026-05-14 22:20:02] [INFO] === ЗАПУСК ПАРСЕРА: HH.ru ===
[2026-05-14 22:20:32] [INFO] Парсер HH.ru вернул 24 вакансий
[2026-05-14 22:20:32] [INFO] Запуск AI анализа объединённого файла...
[2026-05-14 22:20:32] [INFO] Подготовлено 49 описаний для AI анализа
[2026-05-14 22:20:32] [INFO] Выполняется AI анализ...
[2026-05-14 22:20:33] [INFO] AI анализ успешно завершён
[2026-05-14 22:20:33] [INFO] Сохранён объединённый файл: C:\Users\User\парсинг вакансий/results/unified_бухгалтер_20260514_222033.json
[2026-05-14 22:20:33] [INFO] Объединение завершено. Всего вакансий: 49
[2026-05-14 22:29:30] [INFO] === ЗАПУСК ПАРСЕРА: Работа России (Trudvsem) ===
[2026-05-14 22:29:30] [INFO] Парсер Работа России (Trudvsem) вернул 25 вакансий
[2026-05-14 22:29:30] [INFO] === ЗАПУСК ПАРСЕРА: HH.ru ===
[2026-05-14 22:30:00] [INFO] Парсер HH.ru вернул 24 вакансий
[2026-05-14 22:30:00] [INFO] Запуск AI анализа объединённого файла...
[2026-05-14 22:30:00] [INFO] Подготовлено 49 описаний для AI анализа
[2026-05-14 22:30:00] [INFO] Выполняется AI анализ...
[2026-05-14 22:30:01] [INFO] AI анализ успешно завершён
[2026-05-14 22:30:01] [INFO] Сохранён объединённый файл: C:\Users\User\парсинг вакансий/results/unified_бухгалтер_20260514_223001.json
[2026-05-14 22:30:01] [INFO] Объединение завершено. Всего вакансий: 49
[2026-05-15 17:01:44] [INFO] === ЗАПУСК ПАРСЕРА: Работа России (Trudvsem) ===
[2026-05-15 17:01:44] [INFO] Парсер Работа России (Trudvsem) вернул 25 вакансий
[2026-05-15 17:01:44] [INFO] === ЗАПУСК ПАРСЕРА: HH.ru ===
[2026-05-15 17:02:16] [INFO] Парсер HH.ru вернул 25 вакансий
[2026-05-15 17:02:16] [INFO] Запуск AI анализа объединённого файла...
[2026-05-15 17:02:16] [INFO] Подготовлено 50 описаний для AI анализа
[2026-05-15 17:02:16] [INFO] Выполняется AI анализ...
[2026-05-15 17:02:17] [INFO] AI анализ успешно завершён
[2026-05-15 17:02:17] [INFO] Сохранён объединённый файл: C:\Users\User\парсинг вакансий/results/unified_бухгалтер_20260515_170217.json
[2026-05-15 17:02:17] [INFO] Объединение завершено. Всего вакансий: 50
[2026-05-15 17:04:06] [INFO] === ЗАПУСК ПАРСЕРА: Работа России (Trudvsem) ===
[2026-05-15 17:04:07] [INFO] Парсер Работа России (Trudvsem) вернул 25 вакансий
[2026-05-15 17:04:07] [INFO] === ЗАПУСК ПАРСЕРА: HH.ru ===
[2026-05-15 17:04:07] [WARNING] STDERR: [2026-05-15 17:04:07] [ERROR] Ошибка получения токена: 403
[2026-05-15 17:04:07] [ERROR] Не удалось получить токен

[2026-05-15 17:04:07] [INFO] Парсер HH.ru вернул 24 вакансий
[2026-05-15 17:04:07] [INFO] Запуск AI анализа объединённого файла...
[2026-05-15 17:04:07] [INFO] Подготовлено 49 описаний для AI анализа
[2026-05-15 17:04:07] [INFO] Выполняется AI анализ...
[2026-05-15 17:04:08] [INFO] AI анализ успешно завершён
[2026-05-15 17:04:08] [INFO] Сохранён объединённый файл: C:\Users\User\парсинг вакансий/results/unified_бухгалтер_20260515_170408.json
[2026-05-15 17:04:08] [INFO] Объединение завершено. Всего вакансий: 49
[2026-05-15 17:05:23] [INFO] === ЗАПУСК ПАРСЕРА: Работа России (Trudvsem) ===
[2026-05-15 17:05:24] [INFO] Парсер Работа России (Trudvsem) вернул 25 вакансий
[2026-05-15 17:05:24] [INFO] === ЗАПУСК ПАРСЕРА: HH.ru ===
[2026-05-15 17:05:24] [WARNING] STDERR: [2026-05-15 17:05:24] [ERROR] Ошибка получения токена: 403
[2026-05-15 17:05:24] [ERROR] Не удалось получить токен

[2026-05-15 17:05:24] [INFO] Парсер HH.ru вернул 24 вакансий
[2026-05-15 17:05:24] [INFO] Запуск AI анализа объединённого файла...
[2026-05-15 17:05:24] [INFO] Подготовлено 49 описаний для AI анализа
[2026-05-15 17:05:24] [INFO] Выполняется AI анализ...
[2026-05-15 17:09:42] [INFO] AI анализ успешно завершён
[2026-05-15 17:09:42] [INFO] Сохранён объединённый файл: C:\Users\User\парсинг вакансий/results/unified_бухгалтер_20260515_170942.json
[2026-05-15 17:09:42] [INFO] Объединение завершено. Всего вакансий: 49
[2026-05-15 17:16:18] [INFO] === ЗАПУСК ПАРСЕРА: Работа России (Trudvsem) ===
[2026-05-15 17:16:20] [INFO] Парсер Работа России (Trudvsem) вернул 25 вакансий
[2026-05-15 17:16:20] [INFO] === ЗАПУСК ПАРСЕРА: HH.ru ===
[2026-05-15 17:16:51] [INFO] Парсер HH.ru вернул 25 вакансий
[2026-05-15 17:16:51] [INFO] Запуск AI анализа объединённого файла...
[2026-05-15 17:16:51] [INFO] Подготовлено 50 описаний для AI анализа
[2026-05-15 17:16:51] [INFO] Выполняется AI анализ...
[2026-05-15 17:20:06] [INFO] AI анализ успешно завершён
[2026-05-15 17:20:06] [INFO] Сохранён объединённый файл: C:\Users\User\парсинг вакансий/results/unified_бухгалтер_20260515_172006.json
[2026-05-15 17:20:06] [INFO] Объединение завершено. Всего вакансий: 50
[2026-05-25 19:49:18] [INFO] === ЗАПУСК ПАРСЕРА: Работа России (Trudvsem) ===
[2026-05-25 19:49:19] [INFO] Парсер Работа России (Trudvsem) вернул 1 вакансий
[2026-05-25 19:49:19] [INFO] === ЗАПУСК ПАРСЕРА: HH.ru ===
[2026-05-25 19:49:51] [INFO] Парсер HH.ru вернул 22 вакансий
[2026-05-25 19:49:51] [INFO] Запуск AI анализа объединённого файла...
[2026-05-25 19:49:51] [INFO] Подготовлено 23 описаний для AI анализа
[2026-05-25 19:49:51] [INFO] Выполняется AI анализ...
[2026-05-25 19:53:14] [INFO] AI анализ успешно завершён
[2026-05-25 19:53:14] [INFO] Сохранён объединённый файл: C:\Users\User\парсинг вакансий/results/unified_системный_аналитик_20260525_195314.json
[2026-05-25 19:53:14] [INFO] Объединение завершено. Всего вакансий: 23
[2026-05-25 20:19:46] [INFO] === ЗАПУСК ПАРСЕРА: Работа России (Trudvsem) ===
[2026-05-25 20:19:47] [INFO] Парсер Работа России (Trudvsem) вернул 1 вакансий
[2026-05-25 20:19:47] [INFO] === ЗАПУСК ПАРСЕРА: HH.ru ===
[2026-05-25 20:20:04] [INFO] Парсер HH.ru вернул 11 вакансий
[2026-05-25 20:20:04] [INFO] Запуск AI анализа объединённого файла...
[2026-05-25 20:20:04] [INFO] Подготовлено 12 описаний для AI анализа
[2026-05-25 20:20:04] [INFO] Выполняется AI анализ...
[2026-05-25 20:22:23] [INFO] AI анализ успешно завершён
[2026-05-25 20:22:23] [INFO] Сохранён объединённый файл: C:\Users\User\парсинг вакансий/results/unified_системный_аналитик_20260525_202223.json
[2026-05-25 20:22:23] [INFO] Объединение завершено. Всего вакансий: 12
[2026-05-25 20:32:07] [INFO] === ЗАПУСК ПАРСЕРА: Работа России (Trudvsem) ===
[2026-05-25 20:32:07] [WARNING] STDERR: [2026-05-25 20:32:07] [ERROR] Вакансии не найдены

[2026-05-25 20:32:07] [ERROR] Не найден выходной JSON-файл для парсера Работа России (Trudvsem)
[2026-05-25 20:32:07] [INFO] === ЗАПУСК ПАРСЕРА: HH.ru ===
[2026-05-25 20:32:11] [INFO] Парсер HH.ru вернул 3 вакансий
[2026-05-25 20:32:11] [INFO] Запуск AI анализа объединённого файла...
[2026-05-25 20:32:11] [INFO] Подготовлено 3 описаний для AI анализа
[2026-05-25 20:32:11] [INFO] Выполняется AI анализ...
[2026-05-25 20:33:28] [INFO] AI анализ успешно завершён
[2026-05-25 20:33:28] [INFO] Сохранён объединённый файл: C:\Users\User\парсинг вакансий/results/unified_операционный_логист_20260525_203328.json
[2026-05-25 20:33:28] [INFO] Объединение завершено. Всего вакансий: 3
[2026-05-25 20:37:56] [INFO] === ЗАПУСК ПАРСЕРА: Работа России (Trudvsem) ===
[2026-05-25 20:37:57] [INFO] Парсер Работа России (Trudvsem) вернул 2 вакансий
[2026-05-25 20:37:57] [INFO] === ЗАПУСК ПАРСЕРА: HH.ru ===
[2026-05-25 20:38:27] [INFO] Парсер HH.ru вернул 25 вакансий
[2026-05-25 20:38:27] [INFO] Запуск AI анализа объединённого файла...
[2026-05-25 20:38:27] [INFO] Подготовлено 27 описаний для AI анализа
[2026-05-25 20:38:27] [INFO] Выполняется AI анализ...
[2026-05-25 20:41:44] [INFO] AI анализ успешно завершён
[2026-05-25 20:41:44] [INFO] Сохранён объединённый файл: C:\Users\User\парсинг вакансий/results/unified_менеджер_по_закупкам_20260525_204144.json
[2026-05-25 20:41:44] [INFO] Объединение завершено. Всего вакансий: 27
[2026-05-25 20:45:32] [INFO] === ЗАПУСК ПАРСЕРА: Работа России (Trudvsem) ===
[2026-05-25 20:45:32] [INFO] Парсер Работа России (Trudvsem) вернул 24 вакансий
[2026-05-25 20:45:32] [INFO] === ЗАПУСК ПАРСЕРА: HH.ru ===
[2026-05-25 20:46:04] [INFO] Парсер HH.ru вернул 25 вакансий
[2026-05-25 20:46:04] [INFO] Запуск AI анализа объединённого файла...
[2026-05-25 20:46:04] [INFO] Подготовлено 49 описаний для AI анализа
[2026-05-25 20:46:04] [INFO] Выполняется AI анализ...
[2026-05-25 20:49:17] [INFO] AI анализ успешно завершён
[2026-05-25 20:49:17] [INFO] Сохранён объединённый файл: C:\Users\User\парсинг вакансий/results/unified_юрисконсульт_20260525_204917.json
[2026-05-25 20:49:17] [INFO] Объединение завершено. Всего вакансий: 49
[2026-05-25 22:08:04] [INFO] === ЗАПУСК ПАРСЕРА: Работа России (Trudvsem) ===
[2026-05-25 22:08:05] [INFO] Парсер Работа России (Trudvsem) вернул 1 вакансий
[2026-05-25 22:08:05] [INFO] === ЗАПУСК ПАРСЕРА: HH.ru ===
[2026-05-25 22:08:17] [INFO] Парсер HH.ru вернул 10 вакансий
[2026-05-25 22:08:17] [INFO] Запуск AI анализа объединённого файла...
[2026-05-25 22:08:17] [INFO] Подготовлено 11 описаний для AI анализа
[2026-05-25 22:08:17] [INFO] Выполняется AI анализ...
[2026-05-25 22:10:23] [INFO] AI анализ успешно завершён
[2026-05-25 22:10:23] [INFO] Сохранён объединённый файл: C:\Users\User\парсинг вакансий/results/unified_секретарь_суда_20260525_221023.json
[2026-05-25 22:10:23] [INFO] Объединение завершено. Всего вакансий: 11
[2026-05-27 20:54:21] [INFO] === ЗАПУСК ПАРСЕРА: Работа России (Trudvsem) ===
[2026-05-27 20:54:21] [WARNING] STDERR: [2026-05-27 20:54:21] [ERROR] Вакансии не найдены

[2026-05-27 20:54:21] [ERROR] Не найден выходной JSON-файл для парсера Работа России (Trudvsem)
[2026-05-27 20:54:21] [INFO] === ЗАПУСК ПАРСЕРА: HH.ru ===
[2026-05-27 20:54:28] [INFO] Парсер HH.ru вернул 4 вакансий
[2026-05-27 20:54:28] [INFO] Запуск AI анализа объединённого файла...
[2026-05-27 20:54:28] [INFO] Подготовлено 4 описаний для AI анализа
[2026-05-27 20:54:28] [INFO] Выполняется AI анализ...
[2026-05-27 20:57:25] [INFO] === ЗАПУСК ПАРСЕРА: Работа России (Trudvsem) ===
[2026-05-27 20:57:27] [WARNING] STDERR: [2026-05-27 20:57:27] [ERROR] Вакансии не найдены

[2026-05-27 20:57:27] [ERROR] Не найден выходной JSON-файл для парсера Работа России (Trudvsem)
[2026-05-27 20:57:27] [INFO] === ЗАПУСК ПАРСЕРА: HH.ru ===
[2026-05-27 20:57:27] [WARNING] STDERR: [2026-05-27 20:57:27] [ERROR] Ошибка получения токена: 403
[2026-05-27 20:57:27] [ERROR] Не удалось получить токен

[2026-05-27 20:57:27] [ERROR] Не найден выходной JSON-файл для парсера HH.ru
[2026-05-27 21:01:27] [INFO] === ЗАПУСК ПАРСЕРА: Работа России (Trudvsem) ===
[2026-05-27 21:01:27] [WARNING] STDERR: [2026-05-27 21:01:27] [ERROR] Вакансии не найдены

[2026-05-27 21:01:27] [ERROR] Не найден выходной JSON-файл для парсера Работа России (Trudvsem)
[2026-05-27 21:01:27] [INFO] === ЗАПУСК ПАРСЕРА: HH.ru ===
[2026-05-27 21:01:32] [INFO] Парсер HH.ru вернул 4 вакансий
[2026-05-27 21:01:32] [INFO] Запуск AI анализа объединённого файла...
[2026-05-27 21:01:32] [INFO] Подготовлено 4 описаний для AI анализа
[2026-05-27 21:01:32] [INFO] Выполняется AI анализ...
[2026-05-27 21:02:56] [INFO] AI анализ успешно завершён
[2026-05-27 21:02:56] [INFO] Сохранён объединённый файл: C:\Users\User\парсинг вакансий/results/unified__Специалист_по_налогообложению__20260527_210256.json
[2026-05-27 21:02:56] [INFO] Объединение завершено. Всего вакансий: 4
[2026-05-27 21:05:56] [INFO] === ЗАПУСК ПАРСЕРА: Работа России (Trudvsem) ===
[2026-05-27 21:05:57] [INFO] Парсер Работа России (Trudvsem) вернул 25 вакансий
[2026-05-27 21:05:57] [INFO] === ЗАПУСК ПАРСЕРА: HH.ru ===
[2026-05-27 21:05:57] [WARNING] STDERR: [2026-05-27 21:05:57] [ERROR] Ошибка получения токена: 403
[2026-05-27 21:05:57] [ERROR] Не удалось получить токен

[2026-05-27 21:05:57] [ERROR] Не найден выходной JSON-файл для парсера HH.ru
[2026-05-27 21:05:57] [INFO] Запуск AI анализа объединённого файла...
[2026-05-27 21:05:57] [INFO] Подготовлено 25 описаний для AI анализа
[2026-05-27 21:05:57] [INFO] Выполняется AI анализ...
[2026-05-27 21:08:49] [INFO] AI анализ успешно завершён
[2026-05-27 21:08:49] [INFO] Сохранён объединённый файл: C:\Users\User\парсинг вакансий/results/unified__Программист__20260527_210849.json
[2026-05-27 21:08:49] [INFO] Объединение завершено. Всего вакансий: 25
[2026-05-27 21:10:01] [INFO] === ЗАПУСК ПАРСЕРА: Работа России (Trudvsem) ===
[2026-05-27 21:10:02] [INFO] Парсер Работа России (Trudvsem) вернул 25 вакансий
[2026-05-27 21:10:02] [INFO] === ЗАПУСК ПАРСЕРА: HH.ru ===
[2026-05-27 21:10:56] [INFO] Парсер HH.ru вернул 23 вакансий
[2026-05-27 21:10:56] [INFO] Запуск AI анализа объединённого файла...
[2026-05-27 21:10:56] [INFO] Подготовлено 48 описаний для AI анализа
[2026-05-27 21:10:56] [INFO] Выполняется AI анализ...
[2026-05-27 21:14:16] [INFO] AI анализ успешно завершён
[2026-05-27 21:14:16] [INFO] Сохранён объединённый файл: C:\Users\User\парсинг вакансий/results/unified__Программист__20260527_211416.json
[2026-05-27 21:14:16] [INFO] Объединение завершено. Всего вакансий: 48
[2026-05-27 21:19:16] [INFO] === ЗАПУСК ПАРСЕРА: Работа России (Trudvsem) ===
[2026-05-27 21:19:17] [INFO] Парсер Работа России (Trudvsem) вернул 25 вакансий
[2026-05-27 21:19:17] [INFO] === ЗАПУСК ПАРСЕРА: HH.ru ===
[2026-05-27 21:19:56] [INFO] Парсер HH.ru вернул 25 вакансий
[2026-05-27 21:19:56] [INFO] Запуск AI анализа объединённого файла...
[2026-05-27 21:19:56] [INFO] Подготовлено 50 описаний для AI анализа
[2026-05-27 21:19:56] [INFO] Выполняется AI анализ...
[2026-05-27 21:23:03] [INFO] AI анализ успешно завершён
[2026-05-27 21:23:03] [INFO] Сохранён объединённый файл: C:\Users\User\парсинг вакансий/results/unified__Медицинская_сестра__20260527_212303.json
[2026-05-27 21:23:03] [INFO] Объединение завершено. Всего вакансий: 50
[2026-05-27 21:35:07] [INFO] === ЗАПУСК ПАРСЕРА: Работа России (Trudvsem) ===
[2026-05-27 21:35:07] [INFO] Парсер Работа России (Trudvsem) вернул 25 вакансий
[2026-05-27 21:35:07] [INFO] === ЗАПУСК ПАРСЕРА: HH.ru ===
[2026-05-27 21:35:42] [INFO] Парсер HH.ru вернул 23 вакансий
[2026-05-27 21:35:42] [INFO] Запуск AI анализа объединённого файла...
[2026-05-27 21:35:42] [INFO] Подготовлено 48 описаний для AI анализа
[2026-05-27 21:35:42] [INFO] Выполняется AI анализ...
[2026-05-27 21:38:58] [INFO] AI анализ успешно завершён
[2026-05-27 21:38:58] [INFO] Сохранён объединённый файл: C:\Users\User\парсинг вакансий/results/unified_программист_20260527_213858.json
[2026-05-27 21:38:58] [INFO] Объединение завершено. Всего вакансий: 48
[2026-05-27 21:42:16] [INFO] === ЗАПУСК ПАРСЕРА: Работа России (Trudvsem) ===
[2026-05-27 21:42:16] [INFO] Парсер Работа России (Trudvsem) вернул 1 вакансий
[2026-05-27 21:42:16] [INFO] === ЗАПУСК ПАРСЕРА: HH.ru ===
[2026-05-27 21:42:28] [INFO] Парсер HH.ru вернул 9 вакансий
[2026-05-27 21:42:28] [INFO] Запуск AI анализа объединённого файла...
[2026-05-27 21:42:28] [INFO] Подготовлено 10 описаний для AI анализа
[2026-05-27 21:42:28] [INFO] Выполняется AI анализ...
[2026-05-27 21:44:20] [INFO] AI анализ успешно завершён
[2026-05-27 21:44:20] [INFO] Сохранён объединённый файл: C:\Users\User\парсинг вакансий/results/unified_секретарь_суда_20260527_214420.json
[2026-05-27 21:44:20] [INFO] Объединение завершено. Всего вакансий: 10
